GAMS 43.4.1  3da5975b Jun 22, 2023          WEX-WEI x86 64bit/MS Windows - 06/29/23 13:11:04 Page 1
G e n e r a l   A l g e b r a i c   M o d e l i n g   S y s t e m
C o m p i l a t i o n


   1  option limrow = 0;
   2  option limcol = 0;
   3  option solprint = off;
   4   
   5  set T ordered /0*200 /;
   6  set R ordered /1*25/;
   7   
   8  scalar scale / 1.0e6 /;
   9   
  10  parameter x0(R) ;
  11   
GDXIN   C:\Users\Samuel Zhao\Documents\Github\HMC_amazon_project2\X0Data.gdx
--- LOAD  x0 = 1:x0
  16   
  17  display x0;
  18   
  19   
  20  parameter z0(R) /
  21  1   577.0929401
  22  2   5589.185181
  23  3   787674.0828
  24  4   9646.861745
  25  5   128634.5031
  26  6   16248.65369
  27  7   77127.05958
  28  8   413615.3759
  29  9   1415637.311
  30  10  2975490.403
  31  11  7911410.246
  32  12  311951.5001
  33  13  491859.8041
  34  14  548889.5383
  35  15  1193672.493
  36  16  1416617.977
  37  17  6055143.679
  38  18  6746442.015
  39  19  84410.49025
  40  20  2448200.526
  41  21  7385903.416
  42  22  8456499.239
  43  23  5225548.432
  44  24  860690.5049
  45  25  2311937.326
  46  /;
  47   
  48  parameter zbar(R) /
  49  1   827842.673
  50  2   5923957.508
  51  3   16269303.58
  52  4   8317106.102
  53  5   11492722.45
  54  6   3641993.119
  55  7   27941871.29
  56  8   26031526.11
  57  9   26494123.96
  58  10  25883433.49
  59  11  18981310.08
  60  12  986453.6577
  61  13  23983732.12
  62  14  28379164.51
  63  15  27505450.39
  64  16  28080696.69
  65  17  27530403.94
  66  18  9828455.437
  67  19  4377913.526
  68  20  8346530.632
  69  21  21218696.15
  70  22  20770966.56
  71  23  16507489.38
  72  24  1577160.408
  73  25  3458325.658
  74  /;
  75   
  76   
  77  parameter gamma(R);
GDXIN   C:\Users\Samuel Zhao\Documents\Github\HMC_amazon_project2\GammaData.gdx
--- LOAD  gamma = 1:gamma
  82  display gamma;
  83   
  84  parameter theta(R) /
  85  1   0.009738465
  86  2   0.009740588
  87  3   0.145421111
  88  4   1.223269896
  89  5   1.438574328
  90  6   0.410137633
  91  7   0.605161235
  92  8   1.129249341
  93  9   1.681938657
  94  10  1.956043569
  95  11  1.730931241
  96  12  1.039779454
  97  13  1.475119096
  98  14  1.482043734
  99  15  2.150337598
 100  16  1.888581761
 101  17  1.922081002
 102  18  2.117680047
 103  19  2.226926842
 104  20  2.382020709
 105  21  2.98371336
 106  22  2.606553494
 107  23  2.120503281
 108  24  2.701969861
 109  25  2.662808546
 110  /;
 111   
 112  parameter delta / 0.02 /;
 113  parameter p_e / 20.76 /;
 114      parameter p_a / 44.75/;
 115   
 116  parameter alpha / 0.045007414 /;
 117  parameter kappa / 2.094215255 /;
 118  parameter zeta / 1.66e-04 /;
 119  parameter dt /1 /;
 120   
 121   
 122  parameter x_agg(T);
 123  parameter w_agg(T);
 124   
 125  parameter z_agg(T);
 126  parameter u_agg(T);
 127  parameter v_agg(T);
 128  parameter c_agg(T);
 129   
 130  positive variable z(T,R);
 131  positive variable u(T,R);
 132  positive variable v(T,R);
 133           variable x(T,R);
 134           variable w(T);
 135           variable obj;
 136   
 137  equation zdot_def(T,R);
 138  equation xdot_def(T,R);
 139  equation w_def(T);
 140  equation obj_def;
 141   
 142  zdot_def(T,R)$(ord(T) < card(T))..
 143   ( z(T+1,R) - z(T,R))/dt =e= (u(T,R) - v(T,R));
 144   
 145  xdot_def(T,R)$(ord(T) < card(T))..
 146    (x(T+1,R) - x(T,R))/dt =e= (-gamma(R)*u(T,R) - alpha*x(T,R) + alpha*gamma(R)*(zbar(R)/scale - z(T,R)));
 147   
 148  w_def(T)$(ord(T) < card(T))..
 149    w(T) =e= sum(R, u(T,R) + v(T,R));
 150   
 151  obj_def..
 152    obj =e= sum(T$(ord(T) < card(T)), exp(-delta*(ord(T)*dt-dt))*(-p_e*sum(R, kappa*z(T,R) - (x(T+1,R) - x(T,R))/dt) + p_a*sum(R, theta(R)*z(T,R)) - scale*zeta/2*sqr(w(T)))*dt);
 153   
 154  model amazon / all /;
 155   
 156  file results_x / "C:\Users\Samuel Zhao\Documents\Github\HMC_amazon_project2\amazon_data_x.dat" /;
 157  file results_w / "C:\Users\Samuel Zhao\Documents\Github\HMC_amazon_project2\amazon_data_w.dat" /;
 158   
 159  file regionresults_z / "C:\Users\Samuel Zhao\Documents\Github\HMC_amazon_project2\amazon_data_z.dat" /;
 160  file regionresults_u / "C:\Users\Samuel Zhao\Documents\Github\HMC_amazon_project2\amazon_data_u.dat" /;
 161  file regionresults_v / "C:\Users\Samuel Zhao\Documents\Github\HMC_amazon_project2\amazon_data_v.dat" /;
 162   
 163  regionresults_u.pw = 163840000;
 164  regionresults_v.pw = 163840000;
 165  regionresults_z.pw = 163840000;
 166  x.fx(T,R)$(ord(T) = 1) = x0(R) / scale;
 167  z.fx(T,R)$(ord(T) = 1) = z0(R) / scale;
 168  z.up(T,R)$(ord(T) > 1) = zbar(R) / scale ;
 169  u.fx(T,R)$(ord(T) = card(T)) = 0;
 170  v.fx(T,R)$(ord(T) = card(T)) = 0;
 171  w.fx(T)$(ord(T) = card(T)) = 0;
 172   
 173  option qcp = cplex;
 174  solve amazon using qcp maximizing  obj;
 175   
 176  x_agg(T) = sum(R, x.l(T,R));
 177  w_agg(T) = w.l(T);
 178  z_agg(T) = sum(R, z.l(T,R));
 179  u_agg(T) = sum(R, u.l(T,R));
 180  v_agg(T) = sum(R, v.l(T,R));
 181  c_agg(T) = sum(R, u.l(T,R)*v.l(T,R));
 182   
 183  put results_w;
 184  put 'T':4 system.tab 'w_agg':20/;
 185  loop(T, put T.tl:4 system.tab w_agg(T):20:16 /);
 186  putclose;
 187   
 188  put results_x;
 189  put 'T':4 system.tab 'x_agg':20/;
 190  loop(T, put T.tl:4 system.tab x_agg(T):20:16 /);
 191  putclose;
 192   
 193  put regionresults_z;
 194  put 'T/R':4;
 195  loop(R, put system.tab R.tl:10);
 196  put /;
 197  loop(T,
 198    put T.tl:4;
 199    loop(R, put system.tab (z.l(T,R)):16:10);
 200   
 201    put /;
 202  );
 203  putclose;
 204   
 205  put regionresults_u;
 206  put 'T/R':4;
 207  loop(R, put system.tab R.tl:10);
 208  put /;
 209  loop(T,
 210    put T.tl:4;
 211    loop(R, put system.tab (u.l(T,R)):16:10);
 212   
 213    put /;
 214  );
 215  putclose;
 216   
 217  put regionresults_v;
 218  put 'T/R':4;
 219  loop(R, put system.tab R.tl:10);
 220  put /;
 221  loop(T,
 222    put T.tl:4;
 223    loop(R, put system.tab (v.l(T,R)):16:10);
 224   
 225    put /;
 226  );
 227  putclose;
 228   
GAMS 43.4.1  3da5975b Jun 22, 2023          WEX-WEI x86 64bit/MS Windows - 06/29/23 13:11:04 Page 2
G e n e r a l   A l g e b r a i c   M o d e l i n g   S y s t e m
Include File Summary


   SEQ   GLOBAL TYPE      PARENT   LOCAL  FILENAME

     1        1 INPUT          0       0  C:\Users\Samuel Zhao\Documents\Github\HMC_amazon_project2\amazon_25sites.gms
     2       12 CALL           1      12  csv2gdx X0Data.csv id=x0  index=1 values=2..lastCol useHeader=y trace=0
     3       13 GDXIN          1      13  C:\Users\Samuel Zhao\Documents\Github\HMC_amazon_project2\X0Data.gdx
     4       78 CALL           1      78  csv2gdx GammaData.csv id=gamma  index=1 values=2..lastCol useHeader=y trace=0
     5       79 GDXIN          1      79  C:\Users\Samuel Zhao\Documents\Github\HMC_amazon_project2\GammaData.gdx


COMPILATION TIME     =        0.031 SECONDS      3 MB  43.4.1 3da5975b WEX-WEI
GAMS 43.4.1  3da5975b Jun 22, 2023          WEX-WEI x86 64bit/MS Windows - 06/29/23 13:11:04 Page 3
G e n e r a l   A l g e b r a i c   M o d e l i n g   S y s t e m
E x e c u t i o n


----     17 PARAMETER x0  

1  2.893826E+9,    2  8.294954E+9,    3  5.103976E+9,    4  7.924643E+9,    5  2.155086E+9,    6  1.50522E+10,    7  1.28625E+10,    8  1.46995E+10,    9  1.42700E+10,    10 5.186640E+9,    11 1.458944E+8,    12 1.72927E+10,    13 1.79332E+10,    14 1.49486E+10,    15 1.64934E+10,    16 1.22610E+10,    17 1.161176E+9,    18 3.461828E+9,    19 3.833685E+9,    20 7.982992E+9,    21 5.615334E+9,    22 4.130250E+9,    23 2.416069E+8,    24 3.299607E+8


----     82 PARAMETER gamma  

1  488.957,    2  535.793,    3  614.385,    4  697.341,    5  594.384,    6  540.190,    7  502.090,    8  586.138,    9  622.929,    10 468.535,    11 216.299,    12 736.113,    13 644.377,    14 568.132,    15 618.563,    16 570.938,    17 376.759,    18 806.295,    19 649.961,    20 577.106,    21 455.995,    22 366.094,    23 337.219,    24 287.826


**** PUT ERROR FOR FILE regionresults_u AT LINE 163: File attribute argument too large, reset to 32767


**** PUT ERROR FOR FILE regionresults_v AT LINE 164: File attribute argument too large, reset to 32767


**** PUT ERROR FOR FILE regionresults_z AT LINE 165: File attribute argument too large, reset to 32767

GAMS 43.4.1  3da5975b Jun 22, 2023          WEX-WEI x86 64bit/MS Windows - 06/29/23 13:11:04 Page 4
G e n e r a l   A l g e b r a i c   M o d e l i n g   S y s t e m
Range Statistics    SOLVE amazon Using QCP From line 174


RANGE STATISTICS (ABSOLUTE NON-ZERO FINITE VALUES)

RHS       [min, max] : [ 1.822E+01, 7.658E+02] - Zero values observed as well
Bound     [min, max] : [ 5.771E-04, 1.793E+04] - Zero values observed as well
Matrix    [min, max] : [ 7.836E-03, 8.063E+02] - Zero values observed as well

GAMS 43.4.1  3da5975b Jun 22, 2023          WEX-WEI x86 64bit/MS Windows - 06/29/23 13:11:04 Page 5
G e n e r a l   A l g e b r a i c   M o d e l i n g   S y s t e m
Model Statistics    SOLVE amazon Using QCP From line 174


MODEL STATISTICS

BLOCKS OF EQUATIONS           4     SINGLE EQUATIONS       10,201
BLOCKS OF VARIABLES           6     SINGLE VARIABLES       20,251
NON ZERO ELEMENTS        60,026     NON LINEAR N-Z            200
CODE LENGTH               1,003     CONSTANT POOL             216


GENERATION TIME      =        0.015 SECONDS     10 MB  43.4.1 3da5975b WEX-WEI
GAMS 43.4.1  3da5975b Jun 22, 2023          WEX-WEI x86 64bit/MS Windows - 06/29/23 13:11:04 Page 6
G e n e r a l   A l g e b r a i c   M o d e l i n g   S y s t e m
Solution Report     SOLVE amazon Using QCP From line 174


               S O L V E      S U M M A R Y

     MODEL   amazon              OBJECTIVE  obj
     TYPE    QCP                 DIRECTION  MAXIMIZE
     SOLVER  CPLEX               FROM LINE  174

**** SOLVER STATUS     1 Normal Completion
**** MODEL STATUS      1 Optimal
**** OBJECTIVE VALUE           133804.1885

 RESOURCE USAGE, LIMIT          0.047 10000000000.000
 ITERATION COUNT, LIMIT         0    2147483647
 EVALUATION ERRORS             NA             0
--- GAMS/CPLEX licensed for continuous and discrete problems.
--- GMO Q Extraction (ThreePass): 0.00s
--- GMO setup time: 0.00s
--- Space for names approximately 0.56 Mb
--- Use option 'names no' to turn use of names off
--- GMO memory 8.02 Mb (peak 8.18 Mb)
--- Dictionary memory 0.00 Mb
--- Cplex 22.1.1.0 link memory 0.50 Mb (peak 2.03 Mb)
--- Starting Cplex


--- QP status (1): optimal.
--- Cplex Time: 0.05sec (det. 200.09 ticks)


Optimal solution found
Objective:       133804.188472



**** REPORT SUMMARY :        0     NONOPT
                             0 INFEASIBLE
                             0  UNBOUNDED
                             0     ERRORS
GAMS 43.4.1  3da5975b Jun 22, 2023          WEX-WEI x86 64bit/MS Windows - 06/29/23 13:11:04 Page 7
G e n e r a l   A l g e b r a i c   M o d e l i n g   S y s t e m
E x e c u t i o n


**** REPORT FILE SUMMARY

results_x C:\Users\Samuel Zhao\Documents\Github\HMC_amazon_project2\amazon_data_x.dat
results_w C:\Users\Samuel Zhao\Documents\Github\HMC_amazon_project2\amazon_data_w.dat
regionresults_z C:\Users\Samuel Zhao\Documents\Github\HMC_amazon_project2\amazon_data_z.dat
regionresults_u C:\Users\Samuel Zhao\Documents\Github\HMC_amazon_project2\amazon_data_u.dat
regionresults_v C:\Users\Samuel Zhao\Documents\Github\HMC_amazon_project2\amazon_data_v.dat


EXECUTION TIME       =        0.125 SECONDS     19 MB  43.4.1 3da5975b WEX-WEI


USER: Other License                                  G220831|0002CS-GEN
      Argonne National Labs, MCS Department                      DCE254


**** FILE SUMMARY

Input      C:\Users\Samuel Zhao\Documents\Github\HMC_amazon_project2\amazon_25sites.gms
Output     C:\Users\Samuel Zhao\Documents\Github\HMC_amazon_project2\amazon_25sites.lst
